D:\Repos\NovaCart\NovaCart.AppHost\NovaCart.AppHost.csproj : error : Не удалось разрешить пакет SDK "Aspire.AppHost.Sdk". В одном из приведенных ниже сообщений проверки указано, почему не удалось разрешить пакет SDK. Изучите и устраните возникшую проблему, чтобы правильно указать пакет SDK.
D:\Repos\NovaCart\NovaCart.AppHost\NovaCart.AppHost.csproj : error :   Сопоставитель пакетов SDK "Microsoft.DotNet.MSBuildWorkloadSdkResolver" вернул значение null.
D:\Repos\NovaCart\NovaCart.AppHost\NovaCart.AppHost.csproj : error :   Failed to load NuGet settings. Не удалось прочитать NuGet.Config из-за несанкционированного доступа. Путь: "C:\Users\inedb\AppData\Roaming\NuGet\NuGet.Config".
D:\Repos\NovaCart\NovaCart.AppHost\NovaCart.AppHost.csproj : error MSB4236: не удалось найти указанный пакет SDK "Aspire.AppHost.Sdk/9.3.0".
  Не удается использовать кэш ресурсов пакета из-за ошибки ввода-вывода. Это может происходить при нескольких параллельных сборках одного проекта. Это может привести к снижению производительности, но не повлияет на результат сборки.
  Не удается использовать кэш ресурсов пакета из-за ошибки ввода-вывода. Это может происходить при нескольких параллельных сборках одного проекта. Это может привести к снижению производительности, но не повлияет на результат сборки.
  Не удается использовать кэш ресурсов пакета из-за ошибки ввода-вывода. Это может происходить при нескольких параллельных сборках одного проекта. Это может привести к снижению производительности, но не повлияет на результат сборки.
  Не удается использовать кэш ресурсов пакета из-за ошибки ввода-вывода. Это может происходить при нескольких параллельных сборках одного проекта. Это может привести к снижению производительности, но не повлияет на результат сборки.
  Не удается использовать кэш ресурсов пакета из-за ошибки ввода-вывода. Это может происходить при нескольких параллельных сборках одного проекта. Это может привести к снижению производительности, но не повлияет на результат сборки.
  Не удается использовать кэш ресурсов пакета из-за ошибки ввода-вывода. Это может происходить при нескольких параллельных сборках одного проекта. Это может привести к снижению производительности, но не повлияет на результат сборки.
  Не удается использовать кэш ресурсов пакета из-за ошибки ввода-вывода. Это может происходить при нескольких параллельных сборках одного проекта. Это может привести к снижению производительности, но не повлияет на результат сборки.
  Не удается использовать кэш ресурсов пакета из-за ошибки ввода-вывода. Это может происходить при нескольких параллельных сборках одного проекта. Это может привести к снижению производительности, но не повлияет на результат сборки.
  Не удается использовать кэш ресурсов пакета из-за ошибки ввода-вывода. Это может происходить при нескольких параллельных сборках одного проекта. Это может привести к снижению производительности, но не повлияет на результат сборки.
  Не удается использовать кэш ресурсов пакета из-за ошибки ввода-вывода. Это может происходить при нескольких параллельных сборках одного проекта. Это может привести к снижению производительности, но не повлияет на результат сборки.
  Не удается использовать кэш ресурсов пакета из-за ошибки ввода-вывода. Это может происходить при нескольких параллельных сборках одного проекта. Это может привести к снижению производительности, но не повлияет на результат сборки.
  Не удается использовать кэш ресурсов пакета из-за ошибки ввода-вывода. Это может происходить при нескольких параллельных сборках одного проекта. Это может привести к снижению производительности, но не повлияет на результат сборки.
C:\Program Files\dotnet\sdk\10.0.401\Microsoft.Common.CurrentVersion.targets(3745,5): warning MSB3491: не удалось записать строки в файл "obj\Debug\net10.0\.NETCoreApp,Version=v10.0.AssemblyAttributes.cs". Access to the path 'D:\Repos\NovaCart\src\Services\Identity\Identity.Contracts\obj\Debug\net10.0\xp3wt3kv.ifm~' is denied.  [D:\Repos\NovaCart\src\Services\Identity\Identity.Contracts\NovaCart.Services.Identity.Contracts.csproj]
C:\Program Files\dotnet\sdk\10.0.401\Sdks\Microsoft.NET.Sdk\targets\Microsoft.NET.GenerateAssemblyInfo.targets(182,5): error MSB3491: не удалось записать строки в файл "obj\Debug\net10.0\NovaCart.Services.Identity.Contracts.AssemblyInfoInputs.cache". Access to the path 'D:\Repos\NovaCart\src\Services\Identity\Identity.Contracts\obj\Debug\net10.0\uyptbbwk.z1f~' is denied.  [D:\Repos\NovaCart\src\Services\Identity\Identity.Contracts\NovaCart.Services.Identity.Contracts.csproj]
  Не удается использовать кэш ресурсов пакета из-за ошибки ввода-вывода. Это может происходить при нескольких параллельных сборках одного проекта. Это может привести к снижению производительности, но не повлияет на результат сборки.
  Не удается использовать кэш ресурсов пакета из-за ошибки ввода-вывода. Это может происходить при нескольких параллельных сборках одного проекта. Это может привести к снижению производительности, но не повлияет на результат сборки.
  Не удается использовать кэш ресурсов пакета из-за ошибки ввода-вывода. Это может происходить при нескольких параллельных сборках одного проекта. Это может привести к снижению производительности, но не повлияет на результат сборки.
  Не удается использовать кэш ресурсов пакета из-за ошибки ввода-вывода. Это может происходить при нескольких параллельных сборках одного проекта. Это может привести к снижению производительности, но не повлияет на результат сборки.
  Не удается использовать кэш ресурсов пакета из-за ошибки ввода-вывода. Это может происходить при нескольких параллельных сборках одного проекта. Это может привести к снижению производительности, но не повлияет на результат сборки.
  Не удается использовать кэш ресурсов пакета из-за ошибки ввода-вывода. Это может происходить при нескольких параллельных сборках одного проекта. Это может привести к снижению производительности, но не повлияет на результат сборки.
  Не удается использовать кэш ресурсов пакета из-за ошибки ввода-вывода. Это может происходить при нескольких параллельных сборках одного проекта. Это может привести к снижению производительности, но не повлияет на результат сборки.
  Не удается использовать кэш ресурсов пакета из-за ошибки ввода-вывода. Это может происходить при нескольких параллельных сборках одного проекта. Это может привести к снижению производительности, но не повлияет на результат сборки.
  Не удается использовать кэш ресурсов пакета из-за ошибки ввода-вывода. Это может происходить при нескольких параллельных сборках одного проекта. Это может привести к снижению производительности, но не повлияет на результат сборки.
  Не удается использовать кэш ресурсов пакета из-за ошибки ввода-вывода. Это может происходить при нескольких параллельных сборках одного проекта. Это может привести к снижению производительности, но не повлияет на результат сборки.
  Не удается использовать кэш ресурсов пакета из-за ошибки ввода-вывода. Это может происходить при нескольких параллельных сборках одного проекта. Это может привести к снижению производительности, но не повлияет на результат сборки.
D:\Repos\NovaCart\tests\IntegrationTests\OrderFlow.E2E\NovaCart.Tests.OrderFlow.E2E.csproj : warning NU1902: Package 'KubernetesClient' 16.0.7 has a known moderate severity vulnerability, https://github.com/advisories/GHSA-w7r3-mgwf-4mqq
D:\Repos\NovaCart\tests\IntegrationTests\OrderFlow.E2E\NovaCart.Tests.OrderFlow.E2E.csproj : warning NU1902: Package 'MessagePack' 2.5.192 has a known moderate severity vulnerability, https://github.com/advisories/GHSA-2f33-pr97-265q
D:\Repos\NovaCart\tests\IntegrationTests\OrderFlow.E2E\NovaCart.Tests.OrderFlow.E2E.csproj : warning NU1902: Package 'MessagePack' 2.5.192 has a known moderate severity vulnerability, https://github.com/advisories/GHSA-2x83-8g95-xh59
D:\Repos\NovaCart\tests\IntegrationTests\OrderFlow.E2E\NovaCart.Tests.OrderFlow.E2E.csproj : warning NU1902: Package 'MessagePack' 2.5.192 has a known moderate severity vulnerability, https://github.com/advisories/GHSA-cj9g-3mj2-g8vv
D:\Repos\NovaCart\tests\IntegrationTests\OrderFlow.E2E\NovaCart.Tests.OrderFlow.E2E.csproj : warning NU1902: Package 'MessagePack' 2.5.192 has a known moderate severity vulnerability, https://github.com/advisories/GHSA-cxmj-83gh-fp49
D:\Repos\NovaCart\tests\IntegrationTests\OrderFlow.E2E\NovaCart.Tests.OrderFlow.E2E.csproj : warning NU1903: Package 'MessagePack' 2.5.192 has a known high severity vulnerability, https://github.com/advisories/GHSA-hv8m-jj95-wg3x
D:\Repos\NovaCart\tests\IntegrationTests\OrderFlow.E2E\NovaCart.Tests.OrderFlow.E2E.csproj : warning NU1902: Package 'MessagePack' 2.5.192 has a known moderate severity vulnerability, https://github.com/advisories/GHSA-q2h6-ghwm-5qm8
D:\Repos\NovaCart\tests\IntegrationTests\OrderFlow.E2E\NovaCart.Tests.OrderFlow.E2E.csproj : warning NU1902: Package 'MessagePack' 2.5.192 has a known moderate severity vulnerability, https://github.com/advisories/GHSA-qhmf-xw27-6rqr
D:\Repos\NovaCart\tests\IntegrationTests\OrderFlow.E2E\NovaCart.Tests.OrderFlow.E2E.csproj : warning NU1902: Package 'MessagePack' 2.5.192 has a known moderate severity vulnerability, https://github.com/advisories/GHSA-v72x-2h86-7f8m
D:\Repos\NovaCart\tests\IntegrationTests\OrderFlow.E2E\NovaCart.Tests.OrderFlow.E2E.csproj : warning NU1903: Package 'MessagePack' 2.5.192 has a known high severity vulnerability, https://github.com/advisories/GHSA-vh6j-jc39-fggf
D:\Repos\NovaCart\tests\IntegrationTests\OrderFlow.E2E\NovaCart.Tests.OrderFlow.E2E.csproj : warning NU1902: Package 'MessagePack' 2.5.192 has a known moderate severity vulnerability, https://github.com/advisories/GHSA-w567-gjr2-hm5j
D:\Repos\NovaCart\tests\IntegrationTests\OrderFlow.E2E\NovaCart.Tests.OrderFlow.E2E.csproj : warning NU1902: Package 'MessagePack' 2.5.192 has a known moderate severity vulnerability, https://github.com/advisories/GHSA-wfr3-xj75-pfwh
D:\Repos\NovaCart\NovaCart.AppHost\NovaCart.AppHost.csproj : error MSB4236: не удалось найти указанный пакет SDK "Aspire.AppHost.Sdk/9.3.0".
  Не удается использовать кэш ресурсов пакета из-за ошибки ввода-вывода. Это может происходить при нескольких параллельных сборках одного проекта. Это может привести к снижению производительности, но не повлияет на результат сборки.
C:\Program Files\dotnet\sdk\10.0.401\Sdks\Microsoft.NET.Sdk.WebAssembly\Sdk\Sdk.targets(32,5): error MSB3021: не удалось скопировать файл "C:\Program Files\dotnet\sdk\10.0.401\Sdks\Microsoft.NET.Sdk.WebAssembly\hotreload\net10.0\Microsoft.DotNet.HotReload.WebAssembly.Browser.lib.module.js" в "obj\Debug\net10.0\hotreload\Microsoft.DotNet.HotReload.WebAssembly.Browser.lib.module.js". Access to the path 'D:\Repos\NovaCart\src\Web\NovaCart.Web.Client\obj\Debug\net10.0\hotreload\Microsoft.DotNet.HotReload.WebAssembly.Browser.lib.module.js' is denied. [D:\Repos\NovaCart\src\Web\NovaCart.Web.Client\NovaCart.Web.Client.csproj]
C:\Program Files\dotnet\sdk\10.0.401\Microsoft.Common.CurrentVersion.targets(3745,5): warning MSB3491: не удалось записать строки в файл "obj\Debug\net10.0\.NETCoreApp,Version=v10.0.AssemblyAttributes.cs". Access to the path 'D:\Repos\NovaCart\src\BuildingBlocks\BuildingBlocks.Common\obj\Debug\net10.0\qtwwz3ys.apf~' is denied.  [D:\Repos\NovaCart\src\BuildingBlocks\BuildingBlocks.Common\NovaCart.BuildingBlocks.Common.csproj]
C:\Program Files\dotnet\sdk\10.0.401\Sdks\Microsoft.NET.Sdk\targets\Microsoft.NET.GenerateAssemblyInfo.targets(182,5): error MSB3491: не удалось записать строки в файл "obj\Debug\net10.0\NovaCart.BuildingBlocks.Common.AssemblyInfoInputs.cache". Access to the path 'D:\Repos\NovaCart\src\BuildingBlocks\BuildingBlocks.Common\obj\Debug\net10.0\002t5agu.cnf~' is denied.  [D:\Repos\NovaCart\src\BuildingBlocks\BuildingBlocks.Common\NovaCart.BuildingBlocks.Common.csproj]
C:\Program Files\dotnet\sdk\10.0.401\Microsoft.Common.CurrentVersion.targets(3745,5): warning MSB3491: не удалось записать строки в файл "obj\Debug\net10.0\.NETCoreApp,Version=v10.0.AssemblyAttributes.cs". Access to the path 'D:\Repos\NovaCart\src\BuildingBlocks\BuildingBlocks.EventBus\obj\Debug\net10.0\1s1vuyxs.fby~' is denied.  [D:\Repos\NovaCart\src\BuildingBlocks\BuildingBlocks.EventBus\NovaCart.BuildingBlocks.EventBus.csproj]
C:\Program Files\dotnet\sdk\10.0.401\Sdks\Microsoft.NET.Sdk\targets\Microsoft.NET.GenerateAssemblyInfo.targets(182,5): error MSB3491: не удалось записать строки в файл "obj\Debug\net10.0\NovaCart.BuildingBlocks.EventBus.AssemblyInfoInputs.cache". Access to the path 'D:\Repos\NovaCart\src\BuildingBlocks\BuildingBlocks.EventBus\obj\Debug\net10.0\tdlbzpnc.4rh~' is denied.  [D:\Repos\NovaCart\src\BuildingBlocks\BuildingBlocks.EventBus\NovaCart.BuildingBlocks.EventBus.csproj]
C:\Program Files\dotnet\sdk\10.0.401\Sdks\Microsoft.NET.Sdk\targets\Microsoft.NET.GenerateAssemblyInfo.targets(182,5): error MSB3491: не удалось записать строки в файл "obj\Debug\net10.0\NovaCart.Services.Catalog.Contracts.AssemblyInfoInputs.cache". Access to the path 'D:\Repos\NovaCart\src\Services\Catalog\Catalog.Contracts\obj\Debug\net10.0\mnpuwgvb.mgr~' is denied.  [D:\Repos\NovaCart\src\Services\Catalog\Catalog.Contracts\NovaCart.Services.Catalog.Contracts.csproj]
  Повторить операцию с файлом "obj\Debug\net10.0\NovaCart.ServiceDefaults.AssemblyInfoInputs.cache" (попытка 2 из 3). Причина: Access to the path is denied.
  Повторить операцию с файлом "obj\Debug\net10.0\NovaCart.ServiceDefaults.AssemblyInfoInputs.cache" (попытка 3 из 3). Причина: Access to the path is denied.
C:\Program Files\dotnet\sdk\10.0.401\Sdks\Microsoft.NET.Sdk\targets\Microsoft.NET.GenerateAssemblyInfo.targets(182,5): error MSB3491: не удалось записать строки в файл "obj\Debug\net10.0\NovaCart.ServiceDefaults.AssemblyInfoInputs.cache". Access to the path is denied.  [D:\Repos\NovaCart\NovaCart.ServiceDefaults\NovaCart.ServiceDefaults.csproj]

Ошибка сборки.

C:\Program Files\dotnet\sdk\10.0.401\Microsoft.Common.CurrentVersion.targets(3745,5): warning MSB3491: не удалось записать строки в файл "obj\Debug\net10.0\.NETCoreApp,Version=v10.0.AssemblyAttributes.cs". Access to the path 'D:\Repos\NovaCart\src\Services\Identity\Identity.Contracts\obj\Debug\net10.0\xp3wt3kv.ifm~' is denied.  [D:\Repos\NovaCart\src\Services\Identity\Identity.Contracts\NovaCart.Services.Identity.Contracts.csproj]
D:\Repos\NovaCart\tests\IntegrationTests\OrderFlow.E2E\NovaCart.Tests.OrderFlow.E2E.csproj : warning NU1902: Package 'KubernetesClient' 16.0.7 has a known moderate severity vulnerability, https://github.com/advisories/GHSA-w7r3-mgwf-4mqq
D:\Repos\NovaCart\tests\IntegrationTests\OrderFlow.E2E\NovaCart.Tests.OrderFlow.E2E.csproj : warning NU1902: Package 'MessagePack' 2.5.192 has a known moderate severity vulnerability, https://github.com/advisories/GHSA-2f33-pr97-265q
D:\Repos\NovaCart\tests\IntegrationTests\OrderFlow.E2E\NovaCart.Tests.OrderFlow.E2E.csproj : warning NU1902: Package 'MessagePack' 2.5.192 has a known moderate severity vulnerability, https://github.com/advisories/GHSA-2x83-8g95-xh59
D:\Repos\NovaCart\tests\IntegrationTests\OrderFlow.E2E\NovaCart.Tests.OrderFlow.E2E.csproj : warning NU1902: Package 'MessagePack' 2.5.192 has a known moderate severity vulnerability, https://github.com/advisories/GHSA-cj9g-3mj2-g8vv
D:\Repos\NovaCart\tests\IntegrationTests\OrderFlow.E2E\NovaCart.Tests.OrderFlow.E2E.csproj : warning NU1902: Package 'MessagePack' 2.5.192 has a known moderate severity vulnerability, https://github.com/advisories/GHSA-cxmj-83gh-fp49
D:\Repos\NovaCart\tests\IntegrationTests\OrderFlow.E2E\NovaCart.Tests.OrderFlow.E2E.csproj : warning NU1903: Package 'MessagePack' 2.5.192 has a known high severity vulnerability, https://github.com/advisories/GHSA-hv8m-jj95-wg3x
D:\Repos\NovaCart\tests\IntegrationTests\OrderFlow.E2E\NovaCart.Tests.OrderFlow.E2E.csproj : warning NU1902: Package 'MessagePack' 2.5.192 has a known moderate severity vulnerability, https://github.com/advisories/GHSA-q2h6-ghwm-5qm8
D:\Repos\NovaCart\tests\IntegrationTests\OrderFlow.E2E\NovaCart.Tests.OrderFlow.E2E.csproj : warning NU1902: Package 'MessagePack' 2.5.192 has a known moderate severity vulnerability, https://github.com/advisories/GHSA-qhmf-xw27-6rqr
D:\Repos\NovaCart\tests\IntegrationTests\OrderFlow.E2E\NovaCart.Tests.OrderFlow.E2E.csproj : warning NU1902: Package 'MessagePack' 2.5.192 has a known moderate severity vulnerability, https://github.com/advisories/GHSA-v72x-2h86-7f8m
D:\Repos\NovaCart\tests\IntegrationTests\OrderFlow.E2E\NovaCart.Tests.OrderFlow.E2E.csproj : warning NU1903: Package 'MessagePack' 2.5.192 has a known high severity vulnerability, https://github.com/advisories/GHSA-vh6j-jc39-fggf
D:\Repos\NovaCart\tests\IntegrationTests\OrderFlow.E2E\NovaCart.Tests.OrderFlow.E2E.csproj : warning NU1902: Package 'MessagePack' 2.5.192 has a known moderate severity vulnerability, https://github.com/advisories/GHSA-w567-gjr2-hm5j
D:\Repos\NovaCart\tests\IntegrationTests\OrderFlow.E2E\NovaCart.Tests.OrderFlow.E2E.csproj : warning NU1902: Package 'MessagePack' 2.5.192 has a known moderate severity vulnerability, https://github.com/advisories/GHSA-wfr3-xj75-pfwh
C:\Program Files\dotnet\sdk\10.0.401\Microsoft.Common.CurrentVersion.targets(3745,5): warning MSB3491: не удалось записать строки в файл "obj\Debug\net10.0\.NETCoreApp,Version=v10.0.AssemblyAttributes.cs". Access to the path 'D:\Repos\NovaCart\src\BuildingBlocks\BuildingBlocks.Common\obj\Debug\net10.0\qtwwz3ys.apf~' is denied.  [D:\Repos\NovaCart\src\BuildingBlocks\BuildingBlocks.Common\NovaCart.BuildingBlocks.Common.csproj]
C:\Program Files\dotnet\sdk\10.0.401\Microsoft.Common.CurrentVersion.targets(3745,5): warning MSB3491: не удалось записать строки в файл "obj\Debug\net10.0\.NETCoreApp,Version=v10.0.AssemblyAttributes.cs". Access to the path 'D:\Repos\NovaCart\src\BuildingBlocks\BuildingBlocks.EventBus\obj\Debug\net10.0\1s1vuyxs.fby~' is denied.  [D:\Repos\NovaCart\src\BuildingBlocks\BuildingBlocks.EventBus\NovaCart.BuildingBlocks.EventBus.csproj]
D:\Repos\NovaCart\NovaCart.AppHost\NovaCart.AppHost.csproj : error : Не удалось разрешить пакет SDK "Aspire.AppHost.Sdk". В одном из приведенных ниже сообщений проверки указано, почему не удалось разрешить пакет SDK. Изучите и устраните возникшую проблему, чтобы правильно указать пакет SDK.
D:\Repos\NovaCart\NovaCart.AppHost\NovaCart.AppHost.csproj : error :   Сопоставитель пакетов SDK "Microsoft.DotNet.MSBuildWorkloadSdkResolver" вернул значение null.
D:\Repos\NovaCart\NovaCart.AppHost\NovaCart.AppHost.csproj : error :   Failed to load NuGet settings. Не удалось прочитать NuGet.Config из-за несанкционированного доступа. Путь: "C:\Users\inedb\AppData\Roaming\NuGet\NuGet.Config".
D:\Repos\NovaCart\NovaCart.AppHost\NovaCart.AppHost.csproj : error MSB4236: не удалось найти указанный пакет SDK "Aspire.AppHost.Sdk/9.3.0".
C:\Program Files\dotnet\sdk\10.0.401\Sdks\Microsoft.NET.Sdk\targets\Microsoft.NET.GenerateAssemblyInfo.targets(182,5): error MSB3491: не удалось записать строки в файл "obj\Debug\net10.0\NovaCart.Services.Identity.Contracts.AssemblyInfoInputs.cache". Access to the path 'D:\Repos\NovaCart\src\Services\Identity\Identity.Contracts\obj\Debug\net10.0\uyptbbwk.z1f~' is denied.  [D:\Repos\NovaCart\src\Services\Identity\Identity.Contracts\NovaCart.Services.Identity.Contracts.csproj]
D:\Repos\NovaCart\NovaCart.AppHost\NovaCart.AppHost.csproj : error MSB4236: не удалось найти указанный пакет SDK "Aspire.AppHost.Sdk/9.3.0".
C:\Program Files\dotnet\sdk\10.0.401\Sdks\Microsoft.NET.Sdk.WebAssembly\Sdk\Sdk.targets(32,5): error MSB3021: не удалось скопировать файл "C:\Program Files\dotnet\sdk\10.0.401\Sdks\Microsoft.NET.Sdk.WebAssembly\hotreload\net10.0\Microsoft.DotNet.HotReload.WebAssembly.Browser.lib.module.js" в "obj\Debug\net10.0\hotreload\Microsoft.DotNet.HotReload.WebAssembly.Browser.lib.module.js". Access to the path 'D:\Repos\NovaCart\src\Web\NovaCart.Web.Client\obj\Debug\net10.0\hotreload\Microsoft.DotNet.HotReload.WebAssembly.Browser.lib.module.js' is denied. [D:\Repos\NovaCart\src\Web\NovaCart.Web.Client\NovaCart.Web.Client.csproj]
C:\Program Files\dotnet\sdk\10.0.401\Sdks\Microsoft.NET.Sdk\targets\Microsoft.NET.GenerateAssemblyInfo.targets(182,5): error MSB3491: не удалось записать строки в файл "obj\Debug\net10.0\NovaCart.BuildingBlocks.Common.AssemblyInfoInputs.cache". Access to the path 'D:\Repos\NovaCart\src\BuildingBlocks\BuildingBlocks.Common\obj\Debug\net10.0\002t5agu.cnf~' is denied.  [D:\Repos\NovaCart\src\BuildingBlocks\BuildingBlocks.Common\NovaCart.BuildingBlocks.Common.csproj]
C:\Program Files\dotnet\sdk\10.0.401\Sdks\Microsoft.NET.Sdk\targets\Microsoft.NET.GenerateAssemblyInfo.targets(182,5): error MSB3491: не удалось записать строки в файл "obj\Debug\net10.0\NovaCart.BuildingBlocks.EventBus.AssemblyInfoInputs.cache". Access to the path 'D:\Repos\NovaCart\src\BuildingBlocks\BuildingBlocks.EventBus\obj\Debug\net10.0\tdlbzpnc.4rh~' is denied.  [D:\Repos\NovaCart\src\BuildingBlocks\BuildingBlocks.EventBus\NovaCart.BuildingBlocks.EventBus.csproj]
C:\Program Files\dotnet\sdk\10.0.401\Sdks\Microsoft.NET.Sdk\targets\Microsoft.NET.GenerateAssemblyInfo.targets(182,5): error MSB3491: не удалось записать строки в файл "obj\Debug\net10.0\NovaCart.Services.Catalog.Contracts.AssemblyInfoInputs.cache". Access to the path 'D:\Repos\NovaCart\src\Services\Catalog\Catalog.Contracts\obj\Debug\net10.0\mnpuwgvb.mgr~' is denied.  [D:\Repos\NovaCart\src\Services\Catalog\Catalog.Contracts\NovaCart.Services.Catalog.Contracts.csproj]
C:\Program Files\dotnet\sdk\10.0.401\Sdks\Microsoft.NET.Sdk\targets\Microsoft.NET.GenerateAssemblyInfo.targets(182,5): error MSB3491: не удалось записать строки в файл "obj\Debug\net10.0\NovaCart.ServiceDefaults.AssemblyInfoInputs.cache". Access to the path is denied.  [D:\Repos\NovaCart\NovaCart.ServiceDefaults\NovaCart.ServiceDefaults.csproj]
    Предупреждений: 15
    Ошибок: 9

Прошло времени 00:00:02.72
